RAM Allocation [bytes]
Variable                                                                          Address   Size
------------------------------------------------------------------------------------------------
temperature                                                                       0x0273       8
_seed                                                                             0x027B       4

EEPROM Allocation [bytes]
Variable                                                                          Address   Size
------------------------------------------------------------------------------------------------

Register Allocation
Variable                                                                          Register  Size
------------------------------------------------------------------------------------------------
i                                                                                 R4,R5        2

FLASH Allocation [words]
Function                                                                          Address   Size
------------------------------------------------------------------------------------------------
LCD_Char                                                                          0x00080     29
LCD_Init                                                                          0x0009D     17
LCD_String                                                                        0x000AE     28
LCD_Clear                                                                         0x000CA      7
main                                                                              0x000D1     75
itoa                                                                              0x0011C     46
